                                      1 ;--------------------------------------------------------
                                      2 ; File Created by SDCC : free open source ANSI-C Compiler
                                      3 ; Version 4.2.0 #13081 (Mac OS X x86_64)
                                      4 ;--------------------------------------------------------
                                      5 	.module test
                                      6 	.optsdcc -mz80
                                      7 	
                                      8 ;--------------------------------------------------------
                                      9 ; Public variables in this module
                                     10 ;--------------------------------------------------------
                                     11 	.globl _main
                                     12 ;--------------------------------------------------------
                                     13 ; special function registers
                                     14 ;--------------------------------------------------------
                                     15 ;--------------------------------------------------------
                                     16 ; ram data
                                     17 ;--------------------------------------------------------
                                     18 	.area _DATA
                                     19 ;--------------------------------------------------------
                                     20 ; ram data
                                     21 ;--------------------------------------------------------
                                     22 	.area _INITIALIZED
                                     23 ;--------------------------------------------------------
                                     24 ; absolute external ram data
                                     25 ;--------------------------------------------------------
                                     26 	.area _DABS (ABS)
                                     27 ;--------------------------------------------------------
                                     28 ; global & static initialisations
                                     29 ;--------------------------------------------------------
                                     30 	.area _HOME
                                     31 	.area _GSINIT
                                     32 	.area _GSFINAL
                                     33 	.area _GSINIT
                                     34 ;--------------------------------------------------------
                                     35 ; Home
                                     36 ;--------------------------------------------------------
                                     37 	.area _HOME
                                     38 	.area _HOME
                                     39 ;--------------------------------------------------------
                                     40 ; code
                                     41 ;--------------------------------------------------------
                                     42 	.area _CODE
                           000000    43 	G$main$0$0	= .
                                     44 	.globl	G$main$0$0
                           000000    45 	C$test.c$1$0_0$1	= .
                                     46 	.globl	C$test.c$1$0_0$1
                                     47 ;test.c:1: void main()
                                     48 ;	---------------------------------
                                     49 ; Function main
                                     50 ; ---------------------------------
      000000                         51 _main::
      000000 F5               [11]   52 	push	af
                           000001    53 	C$test.c$3$2_0$1	= .
                                     54 	.globl	C$test.c$3$2_0$1
                                     55 ;test.c:3: unsigned short i = 0xff;
      000001 21 FF 00         [10]   56 	ld	hl, #0x00ff
      000004 E3               [19]   57 	ex	(sp), hl
                           000005    58 	C$test.c$5$1_0$1	= .
                                     59 	.globl	C$test.c$5$1_0$1
                                     60 ;test.c:5: return;
                           000005    61 	C$test.c$6$1_0$1	= .
                                     62 	.globl	C$test.c$6$1_0$1
                                     63 ;test.c:6: }
      000005 F1               [10]   64 	pop	af
                           000006    65 	C$test.c$6$1_0$1	= .
                                     66 	.globl	C$test.c$6$1_0$1
                           000006    67 	XG$main$0$0	= .
                                     68 	.globl	XG$main$0$0
      000006 C9               [10]   69 	ret
                                     70 	.area _CODE
                                     71 	.area _INITIALIZER
                                     72 	.area _CABS (ABS)
