ASxxxx Linker V03.00 + NoICE + sdld,  page 1.
Hexadecimal  [32-Bits]

Area                                    Addr        Size        Decimal Bytes (Attributes)
--------------------------------        ----        ----        ------- ----- ------------
.  .ABS.                            00000000    00000000 =           0. bytes (ABS,CON)

      Value  Global                              Global Defined In Module
      -----  --------------------------------   ------------------------
     00000000  .__.ABS.                           test
     00000000  l__CABS                         
     00000000  l__DABS                         
     00000000  l__DATA                         
     00000000  l__GSFINAL                      
     00000000  l__GSINIT                       
     00000000  l__HEAP                         
     00000000  l__HOME                         
     00000000  l__INITIALIZED                  
     00000000  l__INITIALIZER                  
     00000000  s__CABS                         
     00000000  s__CODE                         
     00000000  s__DABS                         
     0000000A  l__CODE                         
     0000000A  s__HEAP                         
     00000100  s__DATA                         
     00000100  s__GSFINAL                      
     00000100  s__GSINIT                       
     00000100  s__HOME                         
     00000100  s__INITIALIZED                  
     00000100  s__INITIALIZER                  
ASxxxx Linker V03.00 + NoICE + sdld,  page 2.
Hexadecimal  [32-Bits]

Area                                    Addr        Size        Decimal Bytes (Attributes)
--------------------------------        ----        ----        ------- ----- ------------
_CODE                               00000000    0000000A =          10. bytes (REL,CON)

      Value  Global                              Global Defined In Module
      -----  --------------------------------   ------------------------
     00000003  A$test$52                          test
     00000003  C$test.c$1$0_0$1                   test
     00000003  G$main$0$0                         test
     00000003  __stack                            crt0
     00000003  _main                              test
     00000004  A$test$56                          test
     00000004  C$test.c$3$2_0$1                   test
     00000007  A$test$57                          test
     00000008  A$test$64                          test
     00000008  C$test.c$5$1_0$1                   test
     00000009  A$test$69                          test
     00000009  C$test.c$6$1_0$1                   test
     00000009  XG$main$0$0                        test

ASxxxx Linker V03.00 + NoICE + sdld,  page 3.
Hexadecimal  [32-Bits]

Area                                    Addr        Size        Decimal Bytes (Attributes)
--------------------------------        ----        ----        ------- ----- ------------
_HEAP                               0000000A    00000000 =           0. bytes (REL,CON)

      Value  Global                              Global Defined In Module
      -----  --------------------------------   ------------------------
     0000000A  __heap                             crt0

ASxxxx Linker V03.00 + NoICE + sdld,  page 4.

Files Linked                              [ module(s) ]

crt0.rel                                  [ crt0 ]
test.rel                                  [ test ]

ASxxxx Linker V03.00 + NoICE + sdld,  page 5.

User Base Address Definitions

_CODE = 0x0000
_DATA = 0x0100

